{"tool":"phpunit","result":"failed","tests":11,"passed":1,"assertions":3,"duration_ms":688,"failed":1,"failures":[{"test":"Tests\\Feature\\GLServiceTest::test_rows_do_not_contain_opening_balance_entry","file":"C:\\sofia-books\\backend\\tests\\Feature\\GLServiceTest.php","line":63,"message":"Failed asserting that an array does not contain 'Opening Balance'."}],"errors":9,"error_details":[{"test":"Tests\\Feature\\GLServiceTest::test_normal_balance_is_debit_for_cash_account","file":"C:\\sofia-books\\backend\\tests\\Feature\\GLServiceTest.php","line":85,"message":"Undefined array key \"normalBalance\""},{"test":"Tests\\Feature\\GLServiceTest::test_normal_balance_is_debit_for_expense_account","file":"C:\\sofia-books\\backend\\tests\\Feature\\GLServiceTest.php","line":93,"message":"Undefined array key \"normalBalance\""},{"test":"Tests\\Feature\\GLServiceTest::test_normal_balance_is_credit_for_income_account","file":"C:\\sofia-books\\backend\\tests\\Feature\\GLServiceTest.php","line":101,"message":"Undefined array key \"normalBalance\""},{"test":"Tests\\Feature\\GLServiceTest::test_normal_balance_is_credit_for_vat_account","file":"C:\\sofia-books\\backend\\tests\\Feature\\GLServiceTest.php","line":109,"message":"Undefined array key \"normalBalance\""},{"test":"Tests\\Feature\\GLServiceTest::test_parked_count_counts_parked_documents_within_range","file":"C:\\sofia-books\\backend\\tests\\Feature\\GLServiceTest.php","line":119,"message":"Undefined array key \"parkedCount\""},{"test":"Tests\\Feature\\GLServiceTest::test_parked_count_excludes_documents_outside_date_range","file":"C:\\sofia-books\\backend\\tests\\Feature\\GLServiceTest.php","line":139,"message":"Undefined array key \"parkedCount\""},{"test":"Tests\\Feature\\GLServiceTest::test_parked_count_excludes_non_parked_documents","file":"C:\\sofia-books\\backend\\tests\\Feature\\GLServiceTest.php","line":159,"message":"Undefined array key \"parkedCount\""},{"test":"Tests\\Feature\\GLServiceTest::test_parked_count_excludes_documents_before_start_date","file":"C:\\sofia-books\\backend\\tests\\Feature\\GLServiceTest.php","line":174,"message":"Undefined array key \"parkedCount\""},{"test":"Tests\\Feature\\GLServiceTest::test_parked_count_excludes_parked_documents_from_other_company","file":"C:\\sofia-books\\backend\\tests\\Feature\\GLServiceTest.php","line":189,"message":"Undefined array key \"parkedCount\""}]}
